// Jest Snapshot v1, https://goo.gl/fbAQLP

exports[`StatsTestCases should print correct stats for import-context-filter 1`] = `
"PublicPath: auto
asset 228.js 309 bytes [emitted]
asset 271.js 309 bytes [emitted]
asset 362.js 309 bytes [emitted]
asset 388.js 309 bytes [emitted]
asset 536.js 309 bytes [emitted]
asset 993.js 309 bytes [emitted]
asset entry.js 9.86 KiB [emitted] (name: entry)
Entrypoint entry 9.86 KiB = entry.js
runtime modules 10 modules
./entry.js
./templates/bar.js
./templates/baz.js
./templates/foo.js
./templates/bar.noimport.js
./templates/baz.noimport.js
./templates/foo.noimport.js
Xdir/import-context-filter/templates|lazy|/^\\\\.\\\\/.*$/|groupOptions: {}|namespace object
Rspack x.x.x compiled successfully in X s (1dd1359653d3e3652402)"
`;
